// Jest Snapshot v1, https://goo.gl/fbAQLP

exports[`/Container renders snapshot 1`] = `
<div
  className="MuiContainer-root basic-container-max-width MuiContainer-maxWidthLg"
>
  <div
    className="MuiTypography-root MuiTypography-body1"
    style={
      Object {
        "backgroundColor": "#222222",
        "minHeight": "102vh",
      }
    }
  >
     
    <br />
     
  </div>
</div>
`;
