// Jest Snapshot v1, https://goo.gl/fbAQLP

exports[`/Container renders snapshot 1`] = `
<button
  className="MuiButtonBase-root MuiButton-root MuiButton-contained MuiButton-containedPrimary MuiButton-containedSizeLarge MuiButton-sizeLarge"
  disabled={false}
  onBlur={[Function]}
  onClick={null}
  onDragLeave={[Function]}
  onFocus={[Function]}
  onKeyDown={[Function]}
  onKeyUp={[Function]}
  onMouseDown={[Function]}
  onMouseLeave={[Function]}
  onMouseUp={[Function]}
  onTouchEnd={[Function]}
  onTouchMove={[Function]}
  onTouchStart={[Function]}
  style={Object {}}
  tabIndex={0}
  type="button"
>
  <span
    className="MuiButton-label"
  />
</button>
`;

exports[`/SWButton renders snapshot 1`] = `
<button
  className="MuiButtonBase-root MuiButton-root MuiButton-contained MuiButton-containedPrimary MuiButton-containedSizeLarge MuiButton-sizeLarge"
  disabled={false}
  onBlur={[Function]}
  onClick={null}
  onDragLeave={[Function]}
  onFocus={[Function]}
  onKeyDown={[Function]}
  onKeyUp={[Function]}
  onMouseDown={[Function]}
  onMouseLeave={[Function]}
  onMouseUp={[Function]}
  onTouchEnd={[Function]}
  onTouchMove={[Function]}
  onTouchStart={[Function]}
  style={Object {}}
  tabIndex={0}
  type="button"
>
  <span
    className="MuiButton-label"
  />
</button>
`;
